
Map of Debug\luna.sm8 from link file Debug\luna.lkf - Fri Oct 11 20:22:03 2024


                               --------
                               Segments
                               --------

start 00008080 end 00008100 length   128 segment .const
start 00008194 end 000097b2 length  5662 segment .text
start 00004000 end 00004000 length     0 segment .eeprom
start 00000000 end 0000008c length   140 segment .bsct, initialized
start 00008108 end 00008194 length   140 segment .bsct, from
start 0000008c end 000000fb length   111 segment .ubsct
start 000000fb end 000000fb length     0 segment .bit
start 000000fb end 000000fb length     0 segment .share
start 00000100 end 00000100 length     0 segment .data
start 00000100 end 00000100 length     0 segment .bss
start 00000000 end 000009ad length  2477 segment .info.
start 00000000 end 000068ba length 26810 segment .debug
start 00008000 end 00008080 length   128 segment .const
start 00008100 end 00008108 length     8 segment .init


                               -------
                               Modules
                               -------

C:\Program Files (x86)\COSMIC\FSE_Compilers\CXSTM8\lib\crtsi0.sm8:
start 00008194 end 000081e4 length    80 section .text
start 00000100 end 00000100 length     0 section .bss
start 0000008c end 0000008c length     0 section .ubsct
start 00000000 end 00000034 length    52 section .info.

Debug\stm8s_i2c.o:
start ******** end ******** length     0 section .text *** removed ***
start 00000000 end 000015a1 length  5537 section .debug
start 00000034 end 000000a5 length   113 section .info.
start ******** end ******** length     0 section .const *** removed ***

Debug\stm8s103_serial.o:
start 000081e4 end 00008329 length   325 section .text
start 000015a1 end 00001999 length  1016 section .debug
start 000000a5 end 0000011c length   119 section .info.
start 00008080 end 00008088 length     8 section .const

Debug\stm8s_clk.o:
start 00008329 end 000086ad length   900 section .text
start 00001999 end 00003008 length  5743 section .debug
start 0000011c end 0000018d length   113 section .info.
start 00008088 end 00008094 length    12 section .const

Debug\stm8s_uart1.o:
start 000086ad end 00008a53 length   934 section .text
start 00003008 end 000043f4 length  5100 section .debug
start 0000018d end 00000200 length   115 section .info.
start 00008094 end 00008098 length     4 section .const

Debug\stm8s_gpio.o:
start 00008a53 end 00008b05 length   178 section .text
start 000043f4 end 00004dfe length  2570 section .debug
start 00000200 end 00000272 length   114 section .info.

Debug\api.o:
start 00008b05 end 0000908b length  1414 section .text
start 00000000 end 0000008c length   140 section .bsct
start 0000008c end 000000f1 length   101 section .ubsct
start 00004dfe end 00005dc1 length  4035 section .debug
start 00000272 end 000002dd length   107 section .info.
start 00008098 end 000080de length    70 section .const

Debug\developer.o:
start 0000908b end 0000930a length   639 section .text
start 00005dc1 end 0000617a length   953 section .debug
start 000002dd end 0000034e length   113 section .info.
start 000080de end 00008100 length    34 section .const

Debug\application.o:
start 0000930a end 00009471 length   359 section .text
start 0000617a end 000066a1 length  1319 section .debug
start 0000034e end 000003c1 length   115 section .info.
start ******** end ******** length     0 section .const *** removed ***

Debug\main.o:
start 00009471 end 0000948b length    26 section .text
start 000066a1 end 0000674f length   174 section .debug
start 000003c1 end 0000042d length   108 section .info.

(C:\Program Files (x86)\COSMIC\FSE_Compilers\CXSTM8\lib\libm0.sm8)imul.o:
start 0000948b end 000094af length    36 section .text
start 0000042d end 0000045c length    47 section .info.

(C:\Program Files (x86)\COSMIC\FSE_Compilers\CXSTM8\lib\libm0.sm8)itolx.o:
start 000094af end 000094bd length    14 section .text
start 0000045c end 0000048c length    48 section .info.

(C:\Program Files (x86)\COSMIC\FSE_Compilers\CXSTM8\lib\libm0.sm8)ladd.o:
start 000094bd end 000094d5 length    24 section .text
start 0000048c end 000004bb length    47 section .info.

(C:\Program Files (x86)\COSMIC\FSE_Compilers\CXSTM8\lib\libm0.sm8)lcmp.o:
start 000094d5 end 000094f5 length    32 section .text
start 000004bb end 000004ea length    47 section .info.

(C:\Program Files (x86)\COSMIC\FSE_Compilers\CXSTM8\lib\libm0.sm8)lgadc.o:
start 000094f5 end 00009505 length    16 section .text
start 000004ea end 0000051a length    48 section .info.

(C:\Program Files (x86)\COSMIC\FSE_Compilers\CXSTM8\lib\libm0.sm8)llsh.o:
start 00009505 end 00009514 length    15 section .text
start 0000051a end 00000549 length    47 section .info.

(C:\Program Files (x86)\COSMIC\FSE_Compilers\CXSTM8\lib\libm0.sm8)lsmod.o:
start 00009514 end 00009536 length    34 section .text
start 00000549 end 00000579 length    48 section .info.

(C:\Program Files (x86)\COSMIC\FSE_Compilers\CXSTM8\lib\libm0.sm8)ldiv.o:
start 00009536 end 00009621 length   235 section .text
start 00000579 end 000005a8 length    47 section .info.

(C:\Program Files (x86)\COSMIC\FSE_Compilers\CXSTM8\lib\libm0.sm8)lgneg.o:
start 00009621 end 00009634 length    19 section .text
start 000005a8 end 000005d8 length    48 section .info.

(C:\Program Files (x86)\COSMIC\FSE_Compilers\CXSTM8\lib\libm0.sm8)lmul.o:
start ******** end ******** length     0 section .text *** removed ***
start 000005d8 end 00000607 length    47 section .info.

(C:\Program Files (x86)\COSMIC\FSE_Compilers\CXSTM8\lib\libm0.sm8)lneg.o:
start 00009634 end 00009649 length    21 section .text
start 00000607 end 00000636 length    47 section .info.

(C:\Program Files (x86)\COSMIC\FSE_Compilers\CXSTM8\lib\libm0.sm8)lreg.o:
start 000000f1 end 000000f5 length     4 section .ubsct
start 00000636 end 00000665 length    47 section .info.

(C:\Program Files (x86)\COSMIC\FSE_Compilers\CXSTM8\lib\libm0.sm8)lrzmp.o:
start 00009649 end 0000965d length    20 section .text
start 00000665 end 00000695 length    48 section .info.

(C:\Program Files (x86)\COSMIC\FSE_Compilers\CXSTM8\lib\libm0.sm8)lsub.o:
start 0000965d end 00009675 length    24 section .text
start 00000695 end 000006c4 length    47 section .info.

(C:\Program Files (x86)\COSMIC\FSE_Compilers\CXSTM8\lib\libm0.sm8)ltor.o:
start 00009675 end 00009687 length    18 section .text
start 000006c4 end 000006f3 length    47 section .info.

(C:\Program Files (x86)\COSMIC\FSE_Compilers\CXSTM8\lib\libm0.sm8)ludiv.o:
start 00009687 end 0000969b length    20 section .text
start 000006f3 end 00000723 length    48 section .info.

(C:\Program Files (x86)\COSMIC\FSE_Compilers\CXSTM8\lib\libm0.sm8)lursh.o:
start 0000969b end 000096aa length    15 section .text
start 00000723 end 00000753 length    48 section .info.

(C:\Program Files (x86)\COSMIC\FSE_Compilers\CXSTM8\lib\libm0.sm8)lzmp.o:
start 000096aa end 000096bd length    19 section .text
start 00000753 end 00000782 length    47 section .info.

(C:\Program Files (x86)\COSMIC\FSE_Compilers\CXSTM8\lib\libm0.sm8)rtol.o:
start 000096bd end 000096cf length    18 section .text
start 00000782 end 000007b1 length    47 section .info.

(C:\Program Files (x86)\COSMIC\FSE_Compilers\CXSTM8\lib\libm0.sm8)sdivx.o:
start 000096cf end 000096fa length    43 section .text
start 000007b1 end 000007e1 length    48 section .info.

(C:\Program Files (x86)\COSMIC\FSE_Compilers\CXSTM8\lib\libm0.sm8)sdivy.o:
start 000096fa end 0000972c length    50 section .text
start 000007e1 end 00000811 length    48 section .info.

(C:\Program Files (x86)\COSMIC\FSE_Compilers\CXSTM8\lib\libm0.sm8)smul.o:
start 0000972c end 0000976b length    63 section .text
start 00000811 end 00000840 length    47 section .info.

(C:\Program Files (x86)\COSMIC\FSE_Compilers\CXSTM8\lib\libm0.sm8)utolx.o:
start 0000976b end 00009772 length     7 section .text
start 00000840 end 00000870 length    48 section .info.

(C:\Program Files (x86)\COSMIC\FSE_Compilers\CXSTM8\lib\libm0.sm8)xreg.o:
start 000000f5 end 000000f8 length     3 section .ubsct
start 00000870 end 0000089f length    47 section .info.

(C:\Program Files (x86)\COSMIC\FSE_Compilers\CXSTM8\lib\libm0.sm8)xymov.o:
start 00009772 end 000097b1 length    63 section .text
start 0000089f end 000008cf length    48 section .info.

(C:\Program Files (x86)\COSMIC\FSE_Compilers\CXSTM8\lib\libm0.sm8)yreg.o:
start 000000f8 end 000000fb length     3 section .ubsct
start 000008cf end 000008fe length    47 section .info.

Debug\stm8_interrupt_vector.o:
start 000097b1 end 000097b2 length     1 section .text
start 0000674f end 000068ba length   363 section .debug
start 000008fe end 0000097b length   125 section .info.
start 00008000 end 00008080 length   128 section .const


                             -----------
                             Stack usage
                             -----------

Debug\api.o:
_clear_button_event                  5   (5)
_clear_button_events                 8   (3)
_flush_leds                         12   (10)
_get_button_event                    4   (4)
_get_eeprom_byte                     2   (2)
_get_random                          8   (6)
_hello_world                        21   (7)
_is_application_valid                9   (2)
_is_button_down                      7   (2)
_is_developer_valid                  9   (2)
_millis                              4   (2)
_set_debug                           2   (2)
_set_hue_max                    >   17   (12)
_set_led                            74   (67)
_set_mat                             7   (7)
_set_matrix_high_z              >    2   (2)
_set_rgb                             5   (5)
_set_white                           4   (4)
_setup_main                          8   (2)
_setup_serial                       52   (4)
_update_buttons                 >   17   (10)
f_TIM2_UPD_OVF_IRQHandler       >   91   (17)

Debug\application.o:
_is_submenu_valid                   11   (2)
_run_application                    61   (7)
_set_frame_blink                    23   (11)
_set_frame_rainbow                  14   (2)
_setup_application                  54   (2)
_show_cyclone                       13   (2)
_show_puzzle                        13   (2)
_show_screen_savers                 27   (4)

Debug\developer.o:
_execute_terminal_command           25   (7)
_get_terminal_command               24   (15)
_run_developer                      70   (16)
_setup_developer                    54   (2)

Debug\main.o:
_main                           >   72   (2)

Debug\stm8_interrupt_vector.o:
f_NonHandledInterrupt           >    6   (6)

Debug\stm8s103_serial.o:
_Serial_available                    7   (2)
_Serial_begin                   >   54   (6)
_Serial_newline                      7   (2)
_Serial_print_char                   7   (2)
_Serial_print_int               >   17   (12)
_Serial_print_string                10   (5)
_Serial_print_u32                   18   (8)
_Serial_read_char                    7   (2)

Debug\stm8s_clk.o:
_CLK_AdjustHSICalibrationValue  >    3   (3)
_CLK_CCOCmd                     >    2   (2)
_CLK_CCOConfig                  >    3   (3)
_CLK_ClearITPendingBit          >    2   (2)
_CLK_ClockSecuritySystemEnable  >    2   (2)
_CLK_ClockSwitchCmd             >    2   (2)
_CLK_ClockSwitchConfig          >   10   (10)
_CLK_DeInit                     >    2   (2)
_CLK_FastHaltWakeUpCmd          >    2   (2)
_CLK_GetClockFreq                   25   (11)
_CLK_GetFlagStatus              >    7   (7)
_CLK_GetITStatus                >    4   (4)
_CLK_GetSYSCLKSource            >    2   (2)
_CLK_HSECmd                     >    2   (2)
_CLK_HSICmd                     >    2   (2)
_CLK_HSIPrescalerConfig         >    3   (3)
_CLK_ITConfig                   >    4   (4)
_CLK_LSICmd                     >    2   (2)
_CLK_PeripheralClockConfig      >    4   (4)
_CLK_SWIMConfig                 >    2   (2)
_CLK_SYSCLKConfig               >    3   (3)
_CLK_SYSCLKEmergencyClear       >    2   (2)
_CLK_SlowActiveHaltWakeUpCmd    >    2   (2)

Debug\stm8s_gpio.o:
_GPIO_DeInit                    >    2   (2)
_GPIO_ExternalPullUpConfig      >    6   (6)
_GPIO_Init                           6   (6)
_GPIO_ReadInputData             >    2   (2)
_GPIO_ReadInputPin                   5   (5)
_GPIO_ReadOutputData            >    2   (2)
_GPIO_Write                     >    5   (5)
_GPIO_WriteHigh                 >    5   (5)
_GPIO_WriteLow                  >    5   (5)
_GPIO_WriteReverse              >    5   (5)

Debug\stm8s_uart1.o:
_UART1_ClearFlag                     2   (2)
_UART1_ClearITPendingBit        >    2   (2)
_UART1_Cmd                           2   (2)
_UART1_DeInit                        2   (2)
_UART1_GetFlagStatus                 5   (5)
_UART1_GetITStatus              >    6   (6)
_UART1_HalfDuplexCmd            >    2   (2)
_UART1_ITConfig                 >    7   (7)
_UART1_Init                         48   (23)
_UART1_IrDACmd                  >    2   (2)
_UART1_IrDAConfig               >    2   (2)
_UART1_LINBreakDetectionConfig  >    2   (2)
_UART1_LINCmd                   >    2   (2)
_UART1_ReceiveData8                  2   (2)
_UART1_ReceiveData9             >    4   (4)
_UART1_ReceiverWakeUpCmd        >    2   (2)
_UART1_SendBreak                >    2   (2)
_UART1_SendData8                     2   (2)
_UART1_SendData9                >    4   (4)
_UART1_SetAddress               >    3   (3)
_UART1_SetGuardTime             >    2   (2)
_UART1_SetPrescaler             >    2   (2)
_UART1_SmartCardCmd             >    2   (2)
_UART1_SmartCardNACKCmd         >    2   (2)
_UART1_WakeUpConfig             >    2   (2)

Stack size: 163


                              ---------
                              Call tree
                              ---------
   1 > _CLK_AdjustHSICalibrationValue: (3)

   2 > _CLK_CCOCmd: (2)

   3 > _CLK_CCOConfig: (3)

   4 > _CLK_ClearITPendingBit: (2)

   5 > _CLK_ClockSecuritySystemEnable: (2)

   6 > _CLK_ClockSwitchCmd: (2)

   7 > _CLK_ClockSwitchConfig: (10)

   8 > _CLK_DeInit: (2)

   9 > _CLK_FastHaltWakeUpCmd: (2)

  10 > _CLK_GetFlagStatus: (7)

  11 > _CLK_GetITStatus: (4)

  12 > _CLK_GetSYSCLKSource: (2)

  13 > _CLK_HSECmd: (2)

  14 > _CLK_HSICmd: (2)

  15 > _CLK_HSIPrescalerConfig: (3)

  16 > _CLK_ITConfig: (4)

  17 > _CLK_LSICmd: (2)

  18 > _CLK_PeripheralClockConfig: (4)

  19 > _CLK_SWIMConfig: (2)

  20 > _CLK_SYSCLKConfig: (3)

  21 > _CLK_SYSCLKEmergencyClear: (2)

  22 > _CLK_SlowActiveHaltWakeUpCmd: (2)

  23 > _GPIO_DeInit: (2)

  24 > _GPIO_ExternalPullUpConfig: (6)

  25 > _GPIO_ReadInputData: (2)

  26 > _GPIO_ReadOutputData: (2)

  27 > _GPIO_Write: (5)

  28 > _GPIO_WriteHigh: (5)

  29 > _GPIO_WriteLow: (5)

  30 > _GPIO_WriteReverse: (5)

  31 > _Serial_begin: (6)
  32      + _GPIO_Init: (6)
  33      + _UART1_Cmd: (2)
  34      + _UART1_DeInit: (2)
  35      + _UART1_Init: (23)
  36      |    + _CLK_GetClockFreq: (11)
          | 
       
  37 > _Serial_print_int: (12)
  38      + _UART1_GetFlagStatus: (5)
  39      + _UART1_SendData8: (2)
       
  40 > _UART1_ClearITPendingBit: (2)

  41 > _UART1_GetITStatus: (6)

  42 > _UART1_HalfDuplexCmd: (2)

  43 > _UART1_ITConfig: (7)

  44 > _UART1_IrDACmd: (2)

  45 > _UART1_IrDAConfig: (2)

  46 > _UART1_LINBreakDetectionConfig: (2)

  47 > _UART1_LINCmd: (2)

  48 > _UART1_ReceiveData9: (4)

  49 > _UART1_ReceiverWakeUpCmd: (2)

  50 > _UART1_SendBreak: (2)

  51 > _UART1_SendData9: (4)

  52 > _UART1_SetAddress: (3)

  53 > _UART1_SetGuardTime: (2)

  54 > _UART1_SetPrescaler: (2)

  55 > _UART1_SmartCardCmd: (2)

  56 > _UART1_SmartCardNACKCmd: (2)

  57 > _UART1_WakeUpConfig: (2)

  58 > __stext: (0)

  59 > _main: (2)
  60      + _hello_world: (7)
  61      |    + _GPIO_Init --> 32
  62      |    + _flush_leds: (10)
  63      |    + _set_debug: (2)
  64      |    + _set_rgb: (5)
  65      |    + _set_white: (4)
          | 
  66      + _is_application_valid: (2)
  67      |    + _get_button_event: (4)
  68      |    + _is_button_down: (2)
  69      |    |    + _GPIO_ReadInputPin: (5)
          |    | 
          | 
  70      + _is_developer_valid: (2)
  71      |    + _get_button_event --> 67
  72      |    + _is_button_down --> 68
          | 
  73      + _run_application: (7)
  74      |    + _clear_button_event: (5)
  75      |    + _flush_leds --> 62
  76      |    + _is_application_valid --> 66
  77      |    + _is_button_down --> 68
  78      |    + _millis: (2)
  79      |    + _setup_application: (2)
  80      |    |    + _clear_button_events: (3)
  81      |    |    |    + _clear_button_event --> 74
          |    |    | 
  82      |    |    + _setup_serial: (4)
  83      |    |    |    + _GPIO_Init --> 32
  84      |    |    |    + _UART1_Cmd --> 33
  85      |    |    |    + _UART1_DeInit --> 34
  86      |    |    |    + _UART1_Init --> 35
          |    |    | 
          |    | 
  87      |    + _show_cyclone: (2)
  88      |    |    + _is_submenu_valid: (2)
  89      |    |    |    + _is_application_valid --> 66
  90      |    |    |    + _is_button_down --> 68
          |    |    | 
          |    | 
  91      |    + _show_puzzle: (2)
  92      |    |    + _is_submenu_valid --> 88
          |    | 
  93      |    + _show_screen_savers: (4)
  94      |    |    + _clear_button_event --> 74
  95      |    |    + _is_submenu_valid --> 88
  96      |    |    + _millis --> 78
  97      |    |    + _set_frame_blink: (11)
  98      |    |    |    + _flush_leds --> 62
  99      |    |    |    + _get_random: (6)
 100      |    |    |    + _millis --> 78
 101      |    |    |    + _set_rgb --> 64
          |    |    | 
 102      |    |    + _set_frame_rainbow: (2)
 103      |    |    |    + _flush_leds --> 62
          |    |    | 
          |    | 
          | 
 104      + _run_developer: (16)
 105      |    + _Serial_print_string: (5)
 106      |    |    + _UART1_GetFlagStatus --> 38
 107      |    |    + _UART1_SendData8 --> 39
          |    | 
 108      |    + _execute_terminal_command: (7)
 109      |    |    + _Serial_newline: (2)
 110      |    |    |    + _UART1_GetFlagStatus --> 38
 111      |    |    |    + _UART1_SendData8 --> 39
          |    |    | 
 112      |    |    + _Serial_print_char: (2)
 113      |    |    |    + _UART1_GetFlagStatus --> 38
 114      |    |    |    + _UART1_SendData8 --> 39
          |    |    | 
 115      |    |    + _Serial_print_string --> 105
 116      |    |    + _Serial_print_u32: (8)
 117      |    |    |    + _Serial_print_char --> 112
 118      |    |    |    + _Serial_print_string --> 105
          |    |    | 
 119      |    |    + _flush_leds --> 62
 120      |    |    + _get_eeprom_byte: (2)
 121      |    |    + _set_rgb --> 64
 122      |    |    + _set_white --> 65
          |    | 
 123      |    + _get_terminal_command: (15)
 124      |    |    + _Serial_available: (2)
 125      |    |    |    + _UART1_GetFlagStatus --> 38
          |    |    | 
 126      |    |    + _Serial_read_char: (2)
 127      |    |    |    + _UART1_ClearFlag: (2)
 128      |    |    |    + _UART1_GetFlagStatus --> 38
 129      |    |    |    + _UART1_ReceiveData8: (2)
          |    |    | 
 130      |    |    + _is_developer_valid --> 70
          |    | 
 131      |    + _is_developer_valid --> 70
 132      |    + _set_debug --> 63
 133      |    + _setup_developer: (2)
 134      |    |    + _clear_button_events --> 80
 135      |    |    + _flush_leds --> 62
 136      |    |    + _set_debug --> 63
 137      |    |    + _setup_serial --> 82
          |    | 
          | 
 138      + _setup_main: (2)
 139      |    + _GPIO_Init --> 32
          | 
       
 140 > _set_hue_max: (12)
 141      + _set_rgb --> 64
       
 142 > _set_matrix_high_z: (2)

 143 > _update_buttons: (10)
 144      + _is_button_down --> 68
 145      + _millis --> 78
 146      + _set_debug --> 63
       
 147 > f_NonHandledInterrupt: (6)

 148 > f_TIM2_UPD_OVF_IRQHandler: (17)
 149      + _set_led: (67)
 150      |    + _set_mat: (7)
          | 
       
 151   _CLK_GetClockFreq --> 36

 152   _GPIO_Init --> 32

 153   _GPIO_ReadInputPin --> 69

 154   _Serial_available --> 124

 155   _Serial_newline --> 109

 156   _Serial_print_char --> 112

 157   _Serial_print_string --> 105

 158   _Serial_print_u32 --> 116

 159   _Serial_read_char --> 126

 160   _UART1_ClearFlag --> 127

 161   _UART1_Cmd --> 33

 162   _UART1_DeInit --> 34

 163   _UART1_GetFlagStatus --> 38

 164   _UART1_Init --> 35

 165   _UART1_ReceiveData8 --> 129

 166   _UART1_SendData8 --> 39

 167   _clear_button_event --> 74

 168   _clear_button_events --> 80

 169   _execute_terminal_command --> 108

 170   _flush_leds --> 62

 171   _get_button_event --> 67

 172   _get_eeprom_byte --> 120

 173   _get_random --> 99

 174   _get_terminal_command --> 123

 175   _hello_world --> 60

 176   _is_application_valid --> 66

 177   _is_button_down --> 68

 178   _is_developer_valid --> 70

 179   _is_submenu_valid --> 88

 180   _millis --> 78

 181   _run_application --> 73

 182   _run_developer --> 104

 183   _set_debug --> 63

 184   _set_frame_blink --> 97

 185   _set_frame_rainbow --> 102

 186   _set_led --> 149

 187   _set_mat --> 150

 188   _set_rgb --> 64

 189   _set_white --> 65

 190   _setup_application --> 79

 191   _setup_developer --> 133

 192   _setup_main --> 138

 193   _setup_serial --> 82

 194   _show_cyclone --> 87

 195   _show_puzzle --> 91

 196   _show_screen_savers --> 93



                               -------
                               Symbols
                               -------

_CLKPrescTable                   0000808c   defined in Debug\stm8s_clk.o section .const
_CLK_AdjustHSICalibrationValue   00008603   defined in Debug\stm8s_clk.o section .text
_CLK_CCOCmd                      00008399   defined in Debug\stm8s_clk.o section .text
_CLK_CCOConfig                   000084fc   defined in Debug\stm8s_clk.o section .text
_CLK_ClearITPendingBit           0000869e   defined in Debug\stm8s_clk.o section .text
_CLK_ClockSecuritySystemEnable   00008586   defined in Debug\stm8s_clk.o section .text
_CLK_ClockSwitchCmd              000083a7   defined in Debug\stm8s_clk.o section .text
_CLK_ClockSwitchConfig           0000842f   defined in Debug\stm8s_clk.o section .text
_CLK_DeInit                      00008329   defined in Debug\stm8s_clk.o section .text
_CLK_FastHaltWakeUpCmd           00008361   defined in Debug\stm8s_clk.o section .text
_CLK_GetClockFreq                0000858f   defined in Debug\stm8s_clk.o section .text
                                            used in Debug\stm8s_uart1.o
_CLK_GetFlagStatus               00008615   defined in Debug\stm8s_clk.o section .text
_CLK_GetITStatus                 00008672   defined in Debug\stm8s_clk.o section .text
_CLK_GetSYSCLKSource             0000858b   defined in Debug\stm8s_clk.o section .text
_CLK_HSECmd                      0000836f   defined in Debug\stm8s_clk.o section .text
_CLK_HSICmd                      0000837d   defined in Debug\stm8s_clk.o section .text
_CLK_HSIPrescalerConfig          000084e9   defined in Debug\stm8s_clk.o section .text
_CLK_ITConfig                    00008513   defined in Debug\stm8s_clk.o section .text
_CLK_LSICmd                      0000838b   defined in Debug\stm8s_clk.o section .text
_CLK_PeripheralClockConfig       000083c3   defined in Debug\stm8s_clk.o section .text
_CLK_SWIMConfig                  00008578   defined in Debug\stm8s_clk.o section .text
_CLK_SYSCLKConfig                0000854b   defined in Debug\stm8s_clk.o section .text
_CLK_SYSCLKEmergencyClear        00008610   defined in Debug\stm8s_clk.o section .text
_CLK_SlowActiveHaltWakeUpCmd     000083b5   defined in Debug\stm8s_clk.o section .text
_GPIO_DeInit                     00008a53   defined in Debug\stm8s_gpio.o section .text
_GPIO_ExternalPullUpConfig       00008aed   defined in Debug\stm8s_gpio.o section .text
_GPIO_Init                       00008a5b   defined in Debug\stm8s_gpio.o section .text
                                            used in Debug\stm8s103_serial.o
                                                    Debug\api.o
_GPIO_ReadInputData              00008ae3   defined in Debug\stm8s_gpio.o section .text
_GPIO_ReadInputPin               00008ae6   defined in Debug\stm8s_gpio.o section .text
                                            used in Debug\api.o
_GPIO_ReadOutputData             00008ae1   defined in Debug\stm8s_gpio.o section .text
_GPIO_Write                      00008ac3   defined in Debug\stm8s_gpio.o section .text
_GPIO_WriteHigh                  00008acb   defined in Debug\stm8s_gpio.o section .text
_GPIO_WriteLow                   00008ad2   defined in Debug\stm8s_gpio.o section .text
_GPIO_WriteReverse               00008ada   defined in Debug\stm8s_gpio.o section .text
_HSIDivFactor                    00008088   defined in Debug\stm8s_clk.o section .const
_I2C_AcknowledgeConfig           ********   *** removed from Debug\stm8s_i2c.o ***
_I2C_CheckEvent                  ********   *** removed from Debug\stm8s_i2c.o ***
_I2C_ClearFlag                   ********   *** removed from Debug\stm8s_i2c.o ***
_I2C_ClearITPendingBit           ********   *** removed from Debug\stm8s_i2c.o ***
_I2C_Cmd                         ********   *** removed from Debug\stm8s_i2c.o ***
_I2C_DeInit                      ********   *** removed from Debug\stm8s_i2c.o ***
_I2C_FastModeDutyCycleConfig     ********   *** removed from Debug\stm8s_i2c.o ***
_I2C_GeneralCallCmd              ********   *** removed from Debug\stm8s_i2c.o ***
_I2C_GenerateSTART               ********   *** removed from Debug\stm8s_i2c.o ***
_I2C_GenerateSTOP                ********   *** removed from Debug\stm8s_i2c.o ***
_I2C_GetFlagStatus               ********   *** removed from Debug\stm8s_i2c.o ***
_I2C_GetITStatus                 ********   *** removed from Debug\stm8s_i2c.o ***
_I2C_GetLastEvent                ********   *** removed from Debug\stm8s_i2c.o ***
_I2C_ITConfig                    ********   *** removed from Debug\stm8s_i2c.o ***
_I2C_Init                        ********   *** removed from Debug\stm8s_i2c.o ***
_I2C_ReceiveData                 ********   *** removed from Debug\stm8s_i2c.o ***
_I2C_Send7bitAddress             ********   *** removed from Debug\stm8s_i2c.o ***
_I2C_SendData                    ********   *** removed from Debug\stm8s_i2c.o ***
_I2C_SoftwareResetCmd            ********   *** removed from Debug\stm8s_i2c.o ***
_I2C_StretchClockCmd             ********   *** removed from Debug\stm8s_i2c.o ***
_SCREEN_SAVER_COUNT_PONY         ********   *** removed from Debug\application.o ***
_SCREEN_SAVER_COUNT_SPACE        ********   *** removed from Debug\application.o ***
_SCREEN_SAVER_DURATION_MS        ********   *** removed from Debug\application.o ***
_SUBMENU_COUNT                   ********   *** removed from Debug\application.o ***
_SUBMENU_TIME_OUT_MS             ********   *** removed from Debug\application.o ***
_Serial_available                0000831a   defined in Debug\stm8s103_serial.o section .text
                                            used in Debug\developer.o
_Serial_begin                    00008204   defined in Debug\stm8s103_serial.o section .text
_Serial_newline                  000082e2   defined in Debug\stm8s103_serial.o section .text
                                            used in Debug\developer.o
_Serial_print_char               000081f7   defined in Debug\stm8s103_serial.o section .text
                                            used in Debug\developer.o
_Serial_print_int                0000827f   defined in Debug\stm8s103_serial.o section .text
_Serial_print_string             000082f1   defined in Debug\stm8s103_serial.o section .text
                                            used in Debug\developer.o
_Serial_print_u32                00008238   defined in Debug\stm8s103_serial.o section .text
                                            used in Debug\developer.o
_Serial_read_char                000081e4   defined in Debug\stm8s103_serial.o section .text
                                            used in Debug\developer.o
_UART1_ClearFlag                 000089a6   defined in Debug\stm8s_uart1.o section .text
                                            used in Debug\stm8s103_serial.o
_UART1_ClearITPendingBit         00008a43   defined in Debug\stm8s_uart1.o section .text
_UART1_Cmd                       00008808   defined in Debug\stm8s_uart1.o section .text
                                            used in Debug\stm8s103_serial.o
                                                    Debug\api.o
_UART1_DeInit                    000086ad   defined in Debug\stm8s_uart1.o section .text
                                            used in Debug\stm8s103_serial.o
                                                    Debug\api.o
_UART1_GetFlagStatus             00008963   defined in Debug\stm8s_uart1.o section .text
                                            used in Debug\stm8s103_serial.o
_UART1_GetITStatus               000089b6   defined in Debug\stm8s_uart1.o section .text
_UART1_HalfDuplexCmd             00008887   defined in Debug\stm8s_uart1.o section .text
_UART1_ITConfig                  00008816   defined in Debug\stm8s_uart1.o section .text
_UART1_Init                      000086d8   defined in Debug\stm8s_uart1.o section .text
                                            used in Debug\stm8s103_serial.o
                                                    Debug\api.o
_UART1_IrDACmd                   000088a3   defined in Debug\stm8s_uart1.o section .text
_UART1_IrDAConfig                00008895   defined in Debug\stm8s_uart1.o section .text
_UART1_LINBreakDetectionConfig   000088b1   defined in Debug\stm8s_uart1.o section .text
_UART1_LINCmd                    000088bf   defined in Debug\stm8s_uart1.o section .text
_UART1_ReceiveData8              00008902   defined in Debug\stm8s_uart1.o section .text
                                            used in Debug\stm8s103_serial.o
_UART1_ReceiveData9              00008906   defined in Debug\stm8s_uart1.o section .text
_UART1_ReceiverWakeUpCmd         000088f4   defined in Debug\stm8s_uart1.o section .text
_UART1_SendBreak                 00008943   defined in Debug\stm8s_uart1.o section .text
_UART1_SendData8                 00008928   defined in Debug\stm8s_uart1.o section .text
                                            used in Debug\stm8s103_serial.o
_UART1_SendData9                 0000892c   defined in Debug\stm8s_uart1.o section .text
_UART1_SetAddress                00008948   defined in Debug\stm8s_uart1.o section .text
_UART1_SetGuardTime              0000895b   defined in Debug\stm8s_uart1.o section .text
_UART1_SetPrescaler              0000895f   defined in Debug\stm8s_uart1.o section .text
_UART1_SmartCardCmd              000088cd   defined in Debug\stm8s_uart1.o section .text
_UART1_SmartCardNACKCmd          000088db   defined in Debug\stm8s_uart1.o section .text
_UART1_WakeUpConfig              000088e9   defined in Debug\stm8s_uart1.o section .text
__endmem                         000001ff   defined in command file
                                            *** not used ***
__endzp                          000000fb   defined in command file section .ubsct
                                            used in C:\Program Files (x86)\COSMIC\FSE_Compilers\CXSTM8\lib\crtsi0.sm8
__idesc__                        00008100   defined in linker section .init
                                            used in C:\Program Files (x86)\COSMIC\FSE_Compilers\CXSTM8\lib\crtsi0.sm8
__memory                         00000100   defined in command file section .bss
                                            used in C:\Program Files (x86)\COSMIC\FSE_Compilers\CXSTM8\lib\crtsi0.sm8
__stack                          000003ff   defined in command file
                                            used in C:\Program Files (x86)\COSMIC\FSE_Compilers\CXSTM8\lib\crtsi0.sm8
__startmem                       00000100   defined in command file section .bss
                                            *** not used ***
__stext                          00008194   defined in C:\Program Files (x86)\COSMIC\FSE_Compilers\CXSTM8\lib\crtsi0.sm8 section .text
                                            used in Debug\stm8_interrupt_vector.o
__vectab                         00008000   defined in Debug\stm8_interrupt_vector.o section .const
_api_counter                     00000000   defined in Debug\api.o section .bsct, initialized
_button_pressed_event            0000008c   defined in Debug\api.o section .ubsct
_button_start_ms                 00000090   defined in Debug\api.o section .ubsct
_clear_button_event              00008cc4   defined in Debug\api.o section .text
                                            used in Debug\application.o
_clear_button_events             00008ce8   defined in Debug\api.o section .text
                                            used in Debug\developer.o
                                                    Debug\application.o
_execute_terminal_command        000091c4   defined in Debug\developer.o section .text
_exit                            000081e2   defined in C:\Program Files (x86)\COSMIC\FSE_Compilers\CXSTM8\lib\crtsi0.sm8 section .text
_flush_leds                      00008ee9   defined in Debug\api.o section .text
                                            used in Debug\developer.o
                                                    Debug\application.o
_get_button_event                00008cb4   defined in Debug\api.o section .text
_get_eeprom_byte                 00009087   defined in Debug\api.o section .text
                                            used in Debug\developer.o
_get_random                      00008b52   defined in Debug\api.o section .text
                                            used in Debug\application.o
_get_terminal_command            000090e2   defined in Debug\developer.o section .text
_hello_world                     00008b05   defined in Debug\api.o section .text
                                            used in Debug\main.o
_is_application_valid            00008bcc   defined in Debug\api.o section .text
                                            used in Debug\application.o
                                                    Debug\main.o
_is_button_down                  00008d03   defined in Debug\api.o section .text
                                            used in Debug\application.o
_is_developer_valid              00008be3   defined in Debug\api.o section .text
                                            used in Debug\developer.o
                                                    Debug\main.o
_is_submenu_valid                00009387   defined in Debug\application.o section .text
_main                            00009471   defined in Debug\main.o section .text
                                            used in C:\Program Files (x86)\COSMIC\FSE_Compilers\CXSTM8\lib\crtsi0.sm8
_millis                          00008c2b   defined in Debug\api.o section .text
                                            used in Debug\application.o
_pwm_brightness                  00000004   defined in Debug\api.o section .bsct, initialized
_pwm_brightness_buffer           00000094   defined in Debug\api.o section .ubsct
_pwm_brightness_index            000000b3   defined in Debug\api.o section .ubsct
_pwm_led_count                   00000084   defined in Debug\api.o section .bsct, initialized
_pwm_sleep                       00000080   defined in Debug\api.o section .bsct, initialized
_pwm_state                       00000087   defined in Debug\api.o section .bsct, initialized
_pwm_visible_index               00000086   defined in Debug\api.o section .bsct, initialized
_run_application                 00009312   defined in Debug\application.o section .text
                                            used in Debug\main.o
_run_developer                   000090a3   defined in Debug\developer.o section .text
                                            used in Debug\main.o
_set_debug                       00009073   defined in Debug\api.o section .text
                                            used in Debug\developer.o
_set_frame_blink                 000093fe   defined in Debug\application.o section .text
_set_frame_rainbow               000093f8   defined in Debug\application.o section .text
_set_hue_max                     00008fa6   defined in Debug\api.o section .text
_set_led                         00008e18   defined in Debug\api.o section .text
_set_mat                         00008e59   defined in Debug\api.o section .text
_set_matrix_high_z               00009076   defined in Debug\api.o section .text
_set_rgb                         00009056   defined in Debug\api.o section .text
                                            used in Debug\developer.o
                                                    Debug\application.o
_set_white                       00009069   defined in Debug\api.o section .text
                                            used in Debug\developer.o
_setup_application               0000930a   defined in Debug\application.o section .text
_setup_developer                 0000908b   defined in Debug\developer.o section .text
_setup_main                      00008bfa   defined in Debug\api.o section .text
                                            used in Debug\main.o
_setup_serial                    00008b61   defined in Debug\api.o section .text
                                            used in Debug\developer.o
                                                    Debug\application.o
_show_cyclone                    00009463   defined in Debug\application.o section .text
_show_puzzle                     0000946a   defined in Debug\application.o section .text
_show_screen_savers              0000939a   defined in Debug\application.o section .text
_temp3_delete_me                 0000008a   defined in Debug\api.o section .bsct, initialized
_temp_delete_me                  00000088   defined in Debug\api.o section .bsct, initialized
_update_buttons                  00008c37   defined in Debug\api.o section .text
c_divsl                          00009536   defined in (C:\Program Files (x86)\COSMIC\FSE_Compilers\CXSTM8\lib\libm0.sm8)ldiv.o section .text
                                            used in (C:\Program Files (x86)\COSMIC\FSE_Compilers\CXSTM8\lib\libm0.sm8)lsmod.o
c_divul                          0000954d   defined in (C:\Program Files (x86)\COSMIC\FSE_Compilers\CXSTM8\lib\libm0.sm8)ldiv.o section .text
                                            used in (C:\Program Files (x86)\COSMIC\FSE_Compilers\CXSTM8\lib\libm0.sm8)ludiv.o
c_imul                           0000948b   defined in (C:\Program Files (x86)\COSMIC\FSE_Compilers\CXSTM8\lib\libm0.sm8)imul.o section .text
                                            used in Debug\api.o
c_itolx                          000094af   defined in (C:\Program Files (x86)\COSMIC\FSE_Compilers\CXSTM8\lib\libm0.sm8)itolx.o section .text
                                            used in Debug\api.o Debug\developer.o
c_ladd                           000094bd   defined in (C:\Program Files (x86)\COSMIC\FSE_Compilers\CXSTM8\lib\libm0.sm8)ladd.o section .text
                                            used in Debug\developer.o
c_lcmp                           000094d5   defined in (C:\Program Files (x86)\COSMIC\FSE_Compilers\CXSTM8\lib\libm0.sm8)lcmp.o section .text
                                            used in Debug\stm8s_i2c.o
                                                    Debug\developer.o
                                                    Debug\application.o
c_lgadc                          000094f5   defined in (C:\Program Files (x86)\COSMIC\FSE_Compilers\CXSTM8\lib\libm0.sm8)lgadc.o section .text
                                            used in Debug\api.o
c_lgneg                          00009621   defined in (C:\Program Files (x86)\COSMIC\FSE_Compilers\CXSTM8\lib\libm0.sm8)lgneg.o section .text
                                            used in (C:\Program Files (x86)\COSMIC\FSE_Compilers\CXSTM8\lib\libm0.sm8)ldiv.o
c_llsh                           00009505   defined in (C:\Program Files (x86)\COSMIC\FSE_Compilers\CXSTM8\lib\libm0.sm8)llsh.o section .text
                                            used in Debug\stm8s_uart1.o
                                                    Debug\developer.o
c_lmod                           00009514   defined in (C:\Program Files (x86)\COSMIC\FSE_Compilers\CXSTM8\lib\libm0.sm8)lsmod.o section .text
                                            used in Debug\api.o
c_lmul                           ********   *** removed from (C:\Program Files (x86)\COSMIC\FSE_Compilers\CXSTM8\lib\libm0.sm8)lmul.o ***
c_lmulc                          ********   *** removed from (C:\Program Files (x86)\COSMIC\FSE_Compilers\CXSTM8\lib\libm0.sm8)lmul.o ***
c_lneg                           00009634   defined in (C:\Program Files (x86)\COSMIC\FSE_Compilers\CXSTM8\lib\libm0.sm8)lneg.o section .text
                                            used in (C:\Program Files (x86)\COSMIC\FSE_Compilers\CXSTM8\lib\libm0.sm8)lsmod.o
                                                    (C:\Program Files (x86)\COSMIC\FSE_Compilers\CXSTM8\lib\libm0.sm8)ldiv.o
c_lreg                           000000f1   defined in (C:\Program Files (x86)\COSMIC\FSE_Compilers\CXSTM8\lib\libm0.sm8)lreg.o section .ubsct
                                            used in Debug\stm8s_i2c.o
                                                    Debug\stm8s103_serial.o
                                                    Debug\stm8s_clk.o
                                                    Debug\stm8s_uart1.o
                                                    Debug\api.o Debug\developer.o
                                                    Debug\application.o
                                                    (C:\Program Files (x86)\COSMIC\FSE_Compilers\CXSTM8\lib\libm0.sm8)itolx.o
                                                    (C:\Program Files (x86)\COSMIC\FSE_Compilers\CXSTM8\lib\libm0.sm8)ladd.o
                                                    (C:\Program Files (x86)\COSMIC\FSE_Compilers\CXSTM8\lib\libm0.sm8)lcmp.o
                                                    (C:\Program Files (x86)\COSMIC\FSE_Compilers\CXSTM8\lib\libm0.sm8)llsh.o
                                                    (C:\Program Files (x86)\COSMIC\FSE_Compilers\CXSTM8\lib\libm0.sm8)lsmod.o
                                                    (C:\Program Files (x86)\COSMIC\FSE_Compilers\CXSTM8\lib\libm0.sm8)ldiv.o
                                                    (C:\Program Files (x86)\COSMIC\FSE_Compilers\CXSTM8\lib\libm0.sm8)lmul.o
                                                    (C:\Program Files (x86)\COSMIC\FSE_Compilers\CXSTM8\lib\libm0.sm8)lneg.o
                                                    (C:\Program Files (x86)\COSMIC\FSE_Compilers\CXSTM8\lib\libm0.sm8)lrzmp.o
                                                    (C:\Program Files (x86)\COSMIC\FSE_Compilers\CXSTM8\lib\libm0.sm8)lsub.o
                                                    (C:\Program Files (x86)\COSMIC\FSE_Compilers\CXSTM8\lib\libm0.sm8)ltor.o
                                                    (C:\Program Files (x86)\COSMIC\FSE_Compilers\CXSTM8\lib\libm0.sm8)lursh.o
                                                    (C:\Program Files (x86)\COSMIC\FSE_Compilers\CXSTM8\lib\libm0.sm8)rtol.o
                                                    (C:\Program Files (x86)\COSMIC\FSE_Compilers\CXSTM8\lib\libm0.sm8)smul.o
                                                    (C:\Program Files (x86)\COSMIC\FSE_Compilers\CXSTM8\lib\libm0.sm8)utolx.o
c_lrzmp                          00009649   defined in (C:\Program Files (x86)\COSMIC\FSE_Compilers\CXSTM8\lib\libm0.sm8)lrzmp.o section .text
                                            used in Debug\api.o
c_lsub                           0000965d   defined in (C:\Program Files (x86)\COSMIC\FSE_Compilers\CXSTM8\lib\libm0.sm8)lsub.o section .text
                                            used in Debug\stm8s_uart1.o
                                                    Debug\api.o
c_ltor                           00009675   defined in (C:\Program Files (x86)\COSMIC\FSE_Compilers\CXSTM8\lib\libm0.sm8)ltor.o section .text
                                            used in Debug\stm8s_i2c.o
                                                    Debug\stm8s103_serial.o
                                                    Debug\stm8s_clk.o
                                                    Debug\stm8s_uart1.o
                                                    Debug\api.o Debug\developer.o
c_ludv                           00009687   defined in (C:\Program Files (x86)\COSMIC\FSE_Compilers\CXSTM8\lib\libm0.sm8)ludiv.o section .text
                                            used in Debug\stm8s_i2c.o
                                                    Debug\stm8s_clk.o
                                                    Debug\stm8s_uart1.o
c_lursh                          0000969b   defined in (C:\Program Files (x86)\COSMIC\FSE_Compilers\CXSTM8\lib\libm0.sm8)lursh.o section .text
                                            used in Debug\stm8s103_serial.o
                                                    Debug\api.o
                                                    Debug\application.o
c_lzmp                           000096aa   defined in (C:\Program Files (x86)\COSMIC\FSE_Compilers\CXSTM8\lib\libm0.sm8)lzmp.o section .text
                                            used in Debug\api.o
c_rtol                           000096bd   defined in (C:\Program Files (x86)\COSMIC\FSE_Compilers\CXSTM8\lib\libm0.sm8)rtol.o section .text
                                            used in Debug\stm8s_i2c.o
                                                    Debug\stm8s_clk.o
                                                    Debug\stm8s_uart1.o
                                                    Debug\api.o Debug\developer.o
                                                    Debug\application.o
c_sdivx                          000096d5   defined in (C:\Program Files (x86)\COSMIC\FSE_Compilers\CXSTM8\lib\libm0.sm8)sdivx.o section .text
                                            used in Debug\stm8s_i2c.o
                                                    Debug\stm8s103_serial.o
c_sdivy                          00009700   defined in (C:\Program Files (x86)\COSMIC\FSE_Compilers\CXSTM8\lib\libm0.sm8)sdivy.o section .text
                                            *** not used ***
c_smodx                          000096cf   defined in (C:\Program Files (x86)\COSMIC\FSE_Compilers\CXSTM8\lib\libm0.sm8)sdivx.o section .text
                                            used in Debug\application.o
c_smody                          000096fa   defined in (C:\Program Files (x86)\COSMIC\FSE_Compilers\CXSTM8\lib\libm0.sm8)sdivy.o section .text
                                            used in Debug\stm8s103_serial.o
c_smul                           0000972c   defined in (C:\Program Files (x86)\COSMIC\FSE_Compilers\CXSTM8\lib\libm0.sm8)smul.o section .text
                                            used in Debug\stm8s_i2c.o
                                                    Debug\stm8s_uart1.o
c_uitolx                         0000976b   defined in (C:\Program Files (x86)\COSMIC\FSE_Compilers\CXSTM8\lib\libm0.sm8)utolx.o section .text
                                            used in Debug\api.o
c_x                              000000f5   defined in (C:\Program Files (x86)\COSMIC\FSE_Compilers\CXSTM8\lib\libm0.sm8)xreg.o section .ubsct
                                            used in C:\Program Files (x86)\COSMIC\FSE_Compilers\CXSTM8\lib\crtsi0.sm8
                                                    Debug\api.o
                                                    (C:\Program Files (x86)\COSMIC\FSE_Compilers\CXSTM8\lib\libm0.sm8)imul.o
                                                    (C:\Program Files (x86)\COSMIC\FSE_Compilers\CXSTM8\lib\libm0.sm8)lsmod.o
                                                    (C:\Program Files (x86)\COSMIC\FSE_Compilers\CXSTM8\lib\libm0.sm8)ldiv.o
                                                    (C:\Program Files (x86)\COSMIC\FSE_Compilers\CXSTM8\lib\libm0.sm8)lmul.o
                                                    (C:\Program Files (x86)\COSMIC\FSE_Compilers\CXSTM8\lib\libm0.sm8)sdivx.o
                                                    (C:\Program Files (x86)\COSMIC\FSE_Compilers\CXSTM8\lib\libm0.sm8)xymov.o
c_xymov                          00009772   defined in (C:\Program Files (x86)\COSMIC\FSE_Compilers\CXSTM8\lib\libm0.sm8)xymov.o section .text
                                            used in Debug\stm8s103_serial.o
                                                    Debug\api.o
c_y                              000000f8   defined in (C:\Program Files (x86)\COSMIC\FSE_Compilers\CXSTM8\lib\libm0.sm8)yreg.o section .ubsct
                                            used in C:\Program Files (x86)\COSMIC\FSE_Compilers\CXSTM8\lib\crtsi0.sm8
                                                    Debug\api.o
                                                    (C:\Program Files (x86)\COSMIC\FSE_Compilers\CXSTM8\lib\libm0.sm8)sdivy.o
f_NonHandledInterrupt            000097b1   defined in Debug\stm8_interrupt_vector.o section .text
f_TIM2_UPD_OVF_IRQHandler        00008d49   defined in Debug\api.o section .text
                                            used in Debug\stm8_interrupt_vector.o
